=== RUN   TestT_PARSE_01
--- PASS: TestT_PARSE_01 (0.00s)
=== RUN   TestT_PARSE_02
--- PASS: TestT_PARSE_02 (0.00s)
=== RUN   TestT_PARSE_03
--- PASS: TestT_PARSE_03 (0.00s)
=== RUN   TestT_PARSE_04
--- PASS: TestT_PARSE_04 (0.00s)
=== RUN   TestT_PARSE_05
--- PASS: TestT_PARSE_05 (0.00s)
=== RUN   TestT_PARSE_06
--- PASS: TestT_PARSE_06 (0.00s)
=== RUN   TestT_SAFE_01
--- PASS: TestT_SAFE_01 (0.01s)
=== RUN   TestT_SAFE_02
--- PASS: TestT_SAFE_02 (0.00s)
=== RUN   TestT_SAFE_03
--- PASS: TestT_SAFE_03 (0.00s)
=== RUN   TestT_SAFE_04
--- PASS: TestT_SAFE_04 (0.00s)
=== RUN   TestT_SAFE_05
--- PASS: TestT_SAFE_05 (0.02s)
=== RUN   TestT_SAFE_06
--- PASS: TestT_SAFE_06 (0.00s)
=== RUN   TestT_LAG_01
--- PASS: TestT_LAG_01 (0.00s)
=== RUN   TestT_LAG_02
--- PASS: TestT_LAG_02 (0.00s)
=== RUN   TestT_LAG_03
--- PASS: TestT_LAG_03 (3.20s)
=== RUN   TestT_LAG_04
--- PASS: TestT_LAG_04 (0.01s)
=== RUN   TestT_LAG_05
--- PASS: TestT_LAG_05 (0.00s)
=== RUN   TestT_LAG_06
--- PASS: TestT_LAG_06 (0.01s)
=== RUN   TestT_LAG_07
--- PASS: TestT_LAG_07 (0.00s)
=== RUN   TestT_LAG_08
--- PASS: TestT_LAG_08 (0.05s)
=== RUN   TestT_LAG_09
    acceptance_test.go:542: 样本量足够，不适用
--- SKIP: TestT_LAG_09 (0.01s)
=== RUN   TestT_LAG_10
--- PASS: TestT_LAG_10 (0.00s)
=== RUN   TestT_LAG_11
--- PASS: TestT_LAG_11 (0.00s)
=== RUN   TestT_LAG_12
--- PASS: TestT_LAG_12 (0.00s)
=== RUN   TestT_LAG_13
--- PASS: TestT_LAG_13 (0.05s)
=== RUN   TestT_PERF_01
--- PASS: TestT_PERF_01 (0.08s)
=== RUN   TestT_PERF_02
--- PASS: TestT_PERF_02 (0.01s)
=== RUN   TestT_PERF_03
--- PASS: TestT_PERF_03 (0.00s)
=== RUN   TestT_PERF_06
--- PASS: TestT_PERF_06 (0.01s)
=== RUN   TestT_E2E_01
--- PASS: TestT_E2E_01 (0.00s)
=== RUN   TestT_E2E_02
--- PASS: TestT_E2E_02 (0.00s)
=== RUN   TestT_E2E_03
--- PASS: TestT_E2E_03 (0.00s)
=== RUN   TestT_E2E_04
--- PASS: TestT_E2E_04 (0.00s)
=== RUN   TestT_E2E_05
--- PASS: TestT_E2E_05 (0.00s)
=== RUN   TestT_E2E_06
--- PASS: TestT_E2E_06 (0.00s)
PASS
ok  	github.com/githubflyideas/nodedata/tests/acceptance	3.471s
